karl@lark:~/invenia/Holidays.jl/tests$ time julia date_breaker_v2.jl
                          Base  23542 KB     Module
                          Core   2860 KB     Module
                        Friday      8 bytes  Int64
                          Main  26217 KB     Module
                        Monday      8 bytes  Int64
                      Saturday      8 bytes  Int64
                   StackTraces    267 KB     Module
                        Sunday      8 bytes  Int64
                      Thursday      8 bytes  Int64
                       Tuesday      8 bytes  Int64
                     Wednesday      8 bytes  Int64
                   datebreaker   6673 bytes  Function
[StackTraces.StackFrame(:datebreaker,symbol("/home/karl/invenia/Holidays.jl/tests/date_breaker_v2.jl"),38,symbol(""),-1,false,139840785567971),StackTraces.StackFrame(:include,symbol("./boot.jl"),261,symbol(""),-1,false,139840708339359),StackTraces.StackFrame(:include_from_node1,symbol("./loading.jl"),320,symbol(""),-1,false,139840710335816),StackTraces.StackFrame(:process_options,symbol("./client.jl"),280,symbol(""),-1,false,139840710285334),StackTraces.StackFrame(:_start,symbol("./client.jl"),378,symbol(""),-1,false,139840710278150)]
ErrorMethodError(call,(Core,2020-09-10))
Last date tried:2020-09-09
Last weekday tried:3
Successful Runs:65266
 92.914623 seconds (7.69 M allocations: 349.828 MB, 0.16% gc time)

real    1m33.473s
user    1m33.376s
sys 0m0.940s



karl@lark:~/invenia/Holidays.jl/tests$ time julia date_breaker.jl
                          Base  23540 KB     Module
                          Core   2860 KB     Module
                        Friday      8 bytes  Int64
                          Main  26214 KB     Module
                        Monday      8 bytes  Int64
                      Saturday      8 bytes  Int64
                   StackTraces    267 KB     Module
                        Sunday      8 bytes  Int64
                      Thursday      8 bytes  Int64
                       Tuesday      8 bytes  Int64
                     Wednesday      8 bytes  Int64
                   datebreaker   6541 bytes  Function
[StackTraces.StackFrame(:datebreaker,symbol("/home/karl/invenia/Holidays.jl/tests/date_breaker.jl"),37,symbol(""),-1,false,139924057788643),StackTraces.StackFrame(:include,symbol("./boot.jl"),261,symbol(""),-1,false,139923980560031),StackTraces.StackFrame(:include_from_node1,symbol("./loading.jl"),320,symbol(""),-1,false,139923982556488),StackTraces.StackFrame(:process_options,symbol("./client.jl"),280,symbol(""),-1,false,139923982506006),StackTraces.StackFrame(:_start,symbol("./client.jl"),378,symbol(""),-1,false,139923982498822)]
ErrorMethodError(call,(Core,2020-09-10))
Last date tried:2020-09-09
Last weekday tried:3
Successful Runs:65266
 93.526559 seconds (7.69 M allocations: 349.829 MB, 0.18% gc time)

real    1m34.100s
user    1m34.052s
sys 0m0.904s




karl@lark:~/invenia/Holidays.jl/tests$ julia date_breaker.jl
                          Base  23540 KB     Module
                          Core   2860 KB     Module
                        Friday      8 bytes  Int64
                          Main  26214 KB     Module
                        Monday      8 bytes  Int64
                      Saturday      8 bytes  Int64
                   StackTraces    267 KB     Module
                        Sunday      8 bytes  Int64
                      Thursday      8 bytes  Int64
                       Tuesday      8 bytes  Int64
                     Wednesday      8 bytes  Int64
                   datebreaker   6541 bytes  Function
[StackTraces.StackFrame(:datebreaker,symbol("/home/karl/invenia/Holidays.jl/tests/date_breaker.jl"),37,symbol(""),-1,false,140148231721187),StackTraces.StackFrame(:include,symbol("./boot.jl"),261,symbol(""),-1,false,140148154492575),StackTraces.StackFrame(:include_from_node1,symbol("./loading.jl"),320,symbol(""),-1,false,140148156489032),StackTraces.StackFrame(:process_options,symbol("./client.jl"),280,symbol(""),-1,false,140148156438550),StackTraces.StackFrame(:_start,symbol("./client.jl"),378,symbol(""),-1,false,140148156431366)]
ErrorMethodError(call,(Core,2020-09-10))
Last date tried:2020-09-09
Last weekday tried:3
Successful Runs:65266
 95.809949 seconds (7.69 M allocations: 349.829 MB, 0.16% gc time)

karl@lark:~/invenia/Holidays.jl/tests$ time julia date_breaker_v2.jl
                          Base  23543 KB     Module
                          Core   2860 KB     Module
                          Main  26215 KB     Module
                   StackTraces    267 KB     Module
                   datebreaker   7039 bytes  Function
[StackTraces.StackFrame(:datebreaker,symbol("/home/karl/invenia/Holidays.jl/tests/date_breaker_v2.jl"),37,symbol(""),-1,false,139685834260668),StackTraces.StackFrame(:include,symbol("./boot.jl"),261,symbol(""),-1,false,139685757032095),StackTraces.StackFrame(:include_from_node1,symbol("./loading.jl"),320,symbol(""),-1,false,139685759028552),StackTraces.StackFrame(:process_options,symbol("./client.jl"),280,symbol(""),-1,false,139685758978070),StackTraces.StackFrame(:_start,symbol("./client.jl"),378,symbol(""),-1,false,139685758970886)]
ErrorMethodError(call,(Core,2022-09-10))
Last date tried:2022-09-09
Last weekday tried:6
Successful Runs:65266
 94.658482 seconds (7.69 M allocations: 349.792 MB, 0.15% gc time)

real    1m35.231s
user    1m35.108s
sys 0m0.972s




karl@lark:~/invenia/Holidays.jl/tests$ time julia date_breaker_v2.jl
                          Base  23543 KB     Module
                          Core   2860 KB     Module
                          Main  26215 KB     Module
                   StackTraces    267 KB     Module
                   datebreaker   7039 bytes  Function
[StackTraces.StackFrame(:datebreaker,symbol("/home/karl/invenia/Holidays.jl/tests/date_breaker_v2.jl"),37,symbol(""),-1,false,139685834260668),StackTraces.StackFrame(:include,symbol("./boot.jl"),261,symbol(""),-1,false,139685757032095),StackTraces.StackFrame(:include_from_node1,symbol("./loading.jl"),320,symbol(""),-1,false,139685759028552),StackTraces.StackFrame(:process_options,symbol("./client.jl"),280,symbol(""),-1,false,139685758978070),StackTraces.StackFrame(:_start,symbol("./client.jl"),378,symbol(""),-1,false,139685758970886)]
ErrorMethodError(call,(Core,2022-09-10))
Last date tried:2022-09-09
Last weekday tried:6
Successful Runs:65266
 94.658482 seconds (7.69 M allocations: 349.792 MB, 0.15% gc time)

real    1m35.231s
user    1m35.108s
sys 0m0.972s
karl@lark:~/invenia/Holidays.jl/tests$ time julia date_breaker_v2.jl
                          Base  23540 KB     Module
                          Core   2860 KB     Module
                          Main  26212 KB     Module
                   StackTraces    267 KB     Module
                   datebreaker   6792 bytes  Function
[StackTraces.StackFrame(:datebreaker,symbol("/home/karl/invenia/Holidays.jl/tests/date_breaker_v2.jl"),34,symbol(""),-1,false,140564134166716),StackTraces.StackFrame(:include,symbol("./boot.jl"),261,symbol(""),-1,false,140564056938143),StackTraces.StackFrame(:include_from_node1,symbol("./loading.jl"),320,symbol(""),-1,false,140564058934600),StackTraces.StackFrame(:process_options,symbol("./client.jl"),280,symbol(""),-1,false,140564058884118),StackTraces.StackFrame(:_start,symbol("./client.jl"),378,symbol(""),-1,false,140564058876934)]
ErrorMethodError(call,(Core,1974-09-03))
Last date tried:1974-09-02
Last weekday tried:5
Successful Runs:65266
 94.654628 seconds (7.69 M allocations: 349.757 MB, 0.19% gc time)

real    1m35.230s
user    1m35.128s
sys 0m0.880s


karl@lark:~/invenia/Holidays.jl/tests$ julia date_breaker.jl
                          Base  23556 KB     Module
                          Core   2860 KB     Module
                          Main  26229 KB     Module
                   StackTraces    267 KB     Module
                   datebreaker   6961 bytes  Function
[StackTraces.StackFrame(:datebreaker,symbol("/home/karl/invenia/Holidays.jl/tests/date_breaker.jl"),36,symbol(""),-1,false,140041052770556),StackTraces.StackFrame(:include,symbol("./boot.jl"),261,symbol(""),-1,false,140040975541919),StackTraces.StackFrame(:include_from_node1,symbol("./loading.jl"),320,symbol(""),-1,false,140040977538376),StackTraces.StackFrame(:process_options,symbol("./client.jl"),280,symbol(""),-1,false,140040977487894),StackTraces.StackFrame(:_start,symbol("./client.jl"),378,symbol(""),-1,false,140040977480710)]
ErrorMethodError(call,(Core,1974-09-03))
Last date tried:1974-09-02
Last weekday tried:3
Successful Runs:65266
100.588415 seconds (7.74 M allocations: 351.922 MB, 0.16% gc time)
